[2026-01-18T01:14:01.039+0000] {manager.py:470} INFO - Processing files using up to 2 processes at a time 
[2026-01-18T01:14:01.042+0000] {manager.py:471} INFO - Process each file at most once every 30 seconds
[2026-01-18T01:14:01.044+0000] {manager.py:472} INFO - Checking for new files in /opt/airflow/dags every 300 seconds
[2026-01-18T01:14:01.046+0000] {manager.py:737} INFO - Searching for files in /opt/airflow/dags
[2026-01-18T01:14:01.056+0000] {manager.py:740} INFO - There are 0 files in /opt/airflow/dags
[2026-01-18T01:16:02.068+0000] {manager.py:452} INFO - Exiting gracefully upon receiving signal 15
[2026-01-18T01:16:44.270+0000] {manager.py:470} INFO - Processing files using up to 2 processes at a time 
[2026-01-18T01:16:44.274+0000] {manager.py:471} INFO - Process each file at most once every 30 seconds
[2026-01-18T01:16:44.275+0000] {manager.py:472} INFO - Checking for new files in /opt/airflow/dags every 300 seconds
[2026-01-18T01:16:44.277+0000] {manager.py:737} INFO - Searching for files in /opt/airflow/dags
[2026-01-18T01:16:44.284+0000] {manager.py:740} INFO - There are 0 files in /opt/airflow/dags
[2026-01-18T01:21:44.730+0000] {manager.py:737} INFO - Searching for files in /opt/airflow/dags
[2026-01-18T01:21:44.813+0000] {manager.py:740} INFO - There are 1 files in /opt/airflow/dags
[2026-01-18T01:21:46.816+0000] {manager.py:878} INFO - 
================================================================================
DAG File Processing Stats

File Path                                    PID    Runtime      # DAGs    # Errors  Last Runtime    Last Run
-------------------------------------------  -----  ---------  --------  ----------  --------------  -------------------
/opt/airflow/dags/dag_testing_assignment.py                           1           0  0.87s           2026-01-18T01:21:45
================================================================================
[2026-01-18T01:22:17.308+0000] {manager.py:878} INFO - 
================================================================================
DAG File Processing Stats

File Path                                    PID    Runtime      # DAGs    # Errors  Last Runtime    Last Run
-------------------------------------------  -----  ---------  --------  ----------  --------------  -------------------
/opt/airflow/dags/dag_testing_assignment.py                           1           0  0.32s           2026-01-18T01:22:16
================================================================================
[2026-01-18T01:22:47.882+0000] {manager.py:878} INFO - 
================================================================================
DAG File Processing Stats

File Path                                    PID    Runtime      # DAGs    # Errors  Last Runtime    Last Run
-------------------------------------------  -----  ---------  --------  ----------  --------------  -------------------
/opt/airflow/dags/dag_testing_assignment.py                           1           0  0.31s           2026-01-18T01:22:46
================================================================================
[2026-01-18T01:23:18.350+0000] {manager.py:878} INFO - 
================================================================================
DAG File Processing Stats

File Path                                    PID    Runtime      # DAGs    # Errors  Last Runtime    Last Run
-------------------------------------------  -----  ---------  --------  ----------  --------------  -------------------
/opt/airflow/dags/dag_testing_assignment.py                           1           0  0.32s           2026-01-18T01:23:17
================================================================================
[2026-01-18T01:23:48.922+0000] {manager.py:878} INFO - 
================================================================================
DAG File Processing Stats

File Path                                    PID    Runtime      # DAGs    # Errors  Last Runtime    Last Run
-------------------------------------------  -----  ---------  --------  ----------  --------------  -------------------
/opt/airflow/dags/dag_testing_assignment.py                           1           0  0.34s           2026-01-18T01:23:48
================================================================================
[2026-01-18T01:24:19.476+0000] {manager.py:878} INFO - 
================================================================================
DAG File Processing Stats

File Path                                    PID    Runtime      # DAGs    # Errors  Last Runtime    Last Run
-------------------------------------------  -----  ---------  --------  ----------  --------------  -------------------
/opt/airflow/dags/dag_testing_assignment.py                           1           0  0.35s           2026-01-18T01:24:18
================================================================================
[2026-01-18T01:24:50.051+0000] {manager.py:878} INFO - 
================================================================================
DAG File Processing Stats

File Path                                    PID    Runtime      # DAGs    # Errors  Last Runtime    Last Run
-------------------------------------------  -----  ---------  --------  ----------  --------------  -------------------
/opt/airflow/dags/dag_testing_assignment.py                           1           0  0.34s           2026-01-18T01:24:49
================================================================================
[2026-01-18T01:26:00.652+0000] {manager.py:470} INFO - Processing files using up to 2 processes at a time 
[2026-01-18T01:26:00.655+0000] {manager.py:471} INFO - Process each file at most once every 30 seconds
[2026-01-18T01:26:00.657+0000] {manager.py:472} INFO - Checking for new files in /opt/airflow/dags every 300 seconds
[2026-01-18T01:26:00.659+0000] {manager.py:737} INFO - Searching for files in /opt/airflow/dags
[2026-01-18T01:26:00.715+0000] {manager.py:740} INFO - There are 1 files in /opt/airflow/dags
[2026-01-18T01:26:00.860+0000] {manager.py:878} INFO - 
================================================================================
DAG File Processing Stats

File Path                                      PID  Runtime      # DAGs    # Errors  Last Runtime    Last Run
-------------------------------------------  -----  ---------  --------  ----------  --------------  ----------
/opt/airflow/dags/dag_testing_assignment.py    176  0.06s             0           0
================================================================================
[2026-01-18T01:26:31.241+0000] {manager.py:878} INFO - 
================================================================================
DAG File Processing Stats

File Path                                      PID  Runtime      # DAGs    # Errors  Last Runtime    Last Run
-------------------------------------------  -----  ---------  --------  ----------  --------------  -------------------
/opt/airflow/dags/dag_testing_assignment.py    181  0.01s             1           0  0.26s           2026-01-18T01:26:01
================================================================================
[2026-01-18T01:27:01.769+0000] {manager.py:878} INFO - 
================================================================================
DAG File Processing Stats

File Path                                      PID  Runtime      # DAGs    # Errors  Last Runtime    Last Run
-------------------------------------------  -----  ---------  --------  ----------  --------------  -------------------
/opt/airflow/dags/dag_testing_assignment.py    186  0.01s             1           0  0.41s           2026-01-18T01:26:31
================================================================================
[2026-01-18T01:27:32.460+0000] {manager.py:878} INFO - 
================================================================================
DAG File Processing Stats

File Path                                      PID  Runtime      # DAGs    # Errors  Last Runtime    Last Run
-------------------------------------------  -----  ---------  --------  ----------  --------------  -------------------
/opt/airflow/dags/dag_testing_assignment.py    191  0.01s             1           0  0.33s           2026-01-18T01:27:02
================================================================================
[2026-01-18T01:28:02.856+0000] {manager.py:878} INFO - 
================================================================================
DAG File Processing Stats

File Path                                    PID    Runtime      # DAGs    # Errors  Last Runtime    Last Run
-------------------------------------------  -----  ---------  --------  ----------  --------------  -------------------
/opt/airflow/dags/dag_testing_assignment.py                           1           0  0.45s           2026-01-18T01:27:32
================================================================================
[2026-01-18T01:28:32.895+0000] {manager.py:878} INFO - 
================================================================================
DAG File Processing Stats

File Path                                    PID    Runtime      # DAGs    # Errors  Last Runtime    Last Run
-------------------------------------------  -----  ---------  --------  ----------  --------------  -------------------
/opt/airflow/dags/dag_testing_assignment.py                           1           0  0.28s           2026-01-18T01:28:03
================================================================================
[2026-01-18T01:29:03.293+0000] {manager.py:878} INFO - 
================================================================================
DAG File Processing Stats

File Path                                    PID    Runtime      # DAGs    # Errors  Last Runtime    Last Run
-------------------------------------------  -----  ---------  --------  ----------  --------------  -------------------
/opt/airflow/dags/dag_testing_assignment.py                           1           0  0.35s           2026-01-18T01:28:34
================================================================================
[2026-01-18T01:29:33.728+0000] {manager.py:878} INFO - 
================================================================================
DAG File Processing Stats

File Path                                    PID    Runtime      # DAGs    # Errors  Last Runtime    Last Run
-------------------------------------------  -----  ---------  --------  ----------  --------------  -------------------
/opt/airflow/dags/dag_testing_assignment.py                           1           0  0.32s           2026-01-18T01:29:04
================================================================================
[2026-01-18T01:30:04.391+0000] {manager.py:878} INFO - 
================================================================================
DAG File Processing Stats

File Path                                    PID    Runtime      # DAGs    # Errors  Last Runtime    Last Run
-------------------------------------------  -----  ---------  --------  ----------  --------------  -------------------
/opt/airflow/dags/dag_testing_assignment.py                           1           0  0.30s           2026-01-18T01:29:35
================================================================================
[2026-01-18T01:30:34.806+0000] {manager.py:878} INFO - 
================================================================================
DAG File Processing Stats

File Path                                    PID    Runtime      # DAGs    # Errors  Last Runtime    Last Run
-------------------------------------------  -----  ---------  --------  ----------  --------------  -------------------
/opt/airflow/dags/dag_testing_assignment.py                           1           0  0.33s           2026-01-18T01:30:05
================================================================================
[2026-01-18T01:31:01.432+0000] {manager.py:737} INFO - Searching for files in /opt/airflow/dags
[2026-01-18T01:31:01.523+0000] {manager.py:740} INFO - There are 1 files in /opt/airflow/dags
[2026-01-18T01:31:05.607+0000] {manager.py:878} INFO - 
================================================================================
DAG File Processing Stats

File Path                                    PID    Runtime      # DAGs    # Errors  Last Runtime    Last Run
-------------------------------------------  -----  ---------  --------  ----------  --------------  -------------------
/opt/airflow/dags/dag_testing_assignment.py                           1           0  0.34s           2026-01-18T01:30:36
================================================================================
[2026-01-18T01:31:36.042+0000] {manager.py:878} INFO - 
================================================================================
DAG File Processing Stats

File Path                                    PID    Runtime      # DAGs    # Errors  Last Runtime    Last Run
-------------------------------------------  -----  ---------  --------  ----------  --------------  -------------------
/opt/airflow/dags/dag_testing_assignment.py                           1           0  0.29s           2026-01-18T01:31:06
================================================================================
[2026-01-18T01:32:06.725+0000] {manager.py:878} INFO - 
================================================================================
DAG File Processing Stats

File Path                                    PID    Runtime      # DAGs    # Errors  Last Runtime    Last Run
-------------------------------------------  -----  ---------  --------  ----------  --------------  -------------------
/opt/airflow/dags/dag_testing_assignment.py                           1           0  0.28s           2026-01-18T01:31:37
================================================================================
[2026-01-18T01:32:37.393+0000] {manager.py:878} INFO - 
================================================================================
DAG File Processing Stats

File Path                                    PID    Runtime      # DAGs    # Errors  Last Runtime    Last Run
-------------------------------------------  -----  ---------  --------  ----------  --------------  -------------------
/opt/airflow/dags/dag_testing_assignment.py                           1           0  0.26s           2026-01-18T01:32:08
================================================================================
[2026-01-18T01:33:07.426+0000] {manager.py:878} INFO - 
================================================================================
DAG File Processing Stats

File Path                                    PID    Runtime      # DAGs    # Errors  Last Runtime    Last Run
-------------------------------------------  -----  ---------  --------  ----------  --------------  -------------------
/opt/airflow/dags/dag_testing_assignment.py                           1           0  0.45s           2026-01-18T01:32:38
================================================================================
[2026-01-18T01:33:37.620+0000] {manager.py:878} INFO - 
================================================================================
DAG File Processing Stats

File Path                                    PID    Runtime      # DAGs    # Errors  Last Runtime    Last Run
-------------------------------------------  -----  ---------  --------  ----------  --------------  -------------------
/opt/airflow/dags/dag_testing_assignment.py                           1           0  0.27s           2026-01-18T01:33:09
================================================================================
[2026-01-18T01:34:08.015+0000] {manager.py:878} INFO - 
================================================================================
DAG File Processing Stats

File Path                                    PID    Runtime      # DAGs    # Errors  Last Runtime    Last Run
-------------------------------------------  -----  ---------  --------  ----------  --------------  -------------------
/opt/airflow/dags/dag_testing_assignment.py                           1           0  0.27s           2026-01-18T01:33:39
================================================================================
[2026-01-18T01:34:38.463+0000] {manager.py:878} INFO - 
================================================================================
DAG File Processing Stats

File Path                                    PID    Runtime      # DAGs    # Errors  Last Runtime    Last Run
-------------------------------------------  -----  ---------  --------  ----------  --------------  -------------------
/opt/airflow/dags/dag_testing_assignment.py                           1           0  0.27s           2026-01-18T01:34:10
================================================================================
[2026-01-18T01:35:09.032+0000] {manager.py:878} INFO - 
================================================================================
DAG File Processing Stats

File Path                                    PID    Runtime      # DAGs    # Errors  Last Runtime    Last Run
-------------------------------------------  -----  ---------  --------  ----------  --------------  -------------------
/opt/airflow/dags/dag_testing_assignment.py                           1           0  0.29s           2026-01-18T01:34:40
================================================================================
[2026-01-18T01:35:39.524+0000] {manager.py:878} INFO - 
================================================================================
DAG File Processing Stats

File Path                                    PID    Runtime      # DAGs    # Errors  Last Runtime    Last Run
-------------------------------------------  -----  ---------  --------  ----------  --------------  -------------------
/opt/airflow/dags/dag_testing_assignment.py                           1           0  0.32s           2026-01-18T01:35:11
================================================================================
[2026-01-18T01:36:01.984+0000] {manager.py:737} INFO - Searching for files in /opt/airflow/dags
[2026-01-18T01:36:02.056+0000] {manager.py:740} INFO - There are 1 files in /opt/airflow/dags
[2026-01-18T01:36:10.174+0000] {manager.py:878} INFO - 
================================================================================
DAG File Processing Stats

File Path                                    PID    Runtime      # DAGs    # Errors  Last Runtime    Last Run
-------------------------------------------  -----  ---------  --------  ----------  --------------  -------------------
/opt/airflow/dags/dag_testing_assignment.py                           1           0  0.29s           2026-01-18T01:35:41
================================================================================
[2026-01-18T01:36:40.584+0000] {manager.py:878} INFO - 
================================================================================
DAG File Processing Stats

File Path                                    PID    Runtime      # DAGs    # Errors  Last Runtime    Last Run
-------------------------------------------  -----  ---------  --------  ----------  --------------  -------------------
/opt/airflow/dags/dag_testing_assignment.py                           1           0  0.30s           2026-01-18T01:36:12
================================================================================
[2026-01-18T01:37:11.258+0000] {manager.py:878} INFO - 
================================================================================
DAG File Processing Stats

File Path                                    PID    Runtime      # DAGs    # Errors  Last Runtime    Last Run
-------------------------------------------  -----  ---------  --------  ----------  --------------  -------------------
/opt/airflow/dags/dag_testing_assignment.py                           1           0  0.29s           2026-01-18T01:36:42
================================================================================
[2026-01-18T01:37:41.671+0000] {manager.py:878} INFO - 
================================================================================
DAG File Processing Stats

File Path                                    PID    Runtime      # DAGs    # Errors  Last Runtime    Last Run
-------------------------------------------  -----  ---------  --------  ----------  --------------  -------------------
/opt/airflow/dags/dag_testing_assignment.py                           1           0  0.32s           2026-01-18T01:37:13
================================================================================
[2026-01-18T01:59:57.946+0000] {manager.py:737} INFO - Searching for files in /opt/airflow/dags
[2026-01-18T01:59:57.988+0000] {manager.py:740} INFO - There are 1 files in /opt/airflow/dags
[2026-01-18T02:00:26.169+0000] {manager.py:878} INFO - 
================================================================================
DAG File Processing Stats

File Path                                    PID    Runtime      # DAGs    # Errors  Last Runtime    Last Run
-------------------------------------------  -----  ---------  --------  ----------  --------------  -------------------
/opt/airflow/dags/dag_testing_assignment.py                           1           0  1334.24s        2026-01-18T01:59:57
================================================================================
[2026-01-18T02:00:56.712+0000] {manager.py:878} INFO - 
================================================================================
DAG File Processing Stats

File Path                                    PID    Runtime      # DAGs    # Errors  Last Runtime    Last Run
-------------------------------------------  -----  ---------  --------  ----------  --------------  -------------------
/opt/airflow/dags/dag_testing_assignment.py                           1           0  0.47s           2026-01-18T02:00:28
================================================================================
[2026-01-18T02:01:31.598+0000] {manager.py:878} INFO - 
================================================================================
DAG File Processing Stats

File Path                                    PID    Runtime      # DAGs    # Errors  Last Runtime    Last Run
-------------------------------------------  -----  ---------  --------  ----------  --------------  -------------------
/opt/airflow/dags/dag_testing_assignment.py                           1           0  0.09s           2026-01-18T02:01:29
================================================================================
[2026-01-18T02:02:01.955+0000] {manager.py:878} INFO - 
================================================================================
DAG File Processing Stats

File Path                                    PID    Runtime      # DAGs    # Errors  Last Runtime    Last Run
-------------------------------------------  -----  ---------  --------  ----------  --------------  -------------------
/opt/airflow/dags/dag_testing_assignment.py                           1           0  0.09s           2026-01-18T02:01:59
================================================================================
[2026-01-18T02:02:33.306+0000] {manager.py:878} INFO - 
================================================================================
DAG File Processing Stats

File Path                                    PID    Runtime      # DAGs    # Errors  Last Runtime    Last Run
-------------------------------------------  -----  ---------  --------  ----------  --------------  -------------------
/opt/airflow/dags/dag_testing_assignment.py                           1           0  0.09s           2026-01-18T02:02:30
================================================================================
[2026-01-18T02:03:03.655+0000] {manager.py:878} INFO - 
================================================================================
DAG File Processing Stats

File Path                                    PID    Runtime      # DAGs    # Errors  Last Runtime    Last Run
-------------------------------------------  -----  ---------  --------  ----------  --------------  -------------------
/opt/airflow/dags/dag_testing_assignment.py                           1           0  0.08s           2026-01-18T02:03:00
================================================================================
[2026-01-18T02:03:33.955+0000] {manager.py:878} INFO - 
================================================================================
DAG File Processing Stats

File Path                                    PID    Runtime      # DAGs    # Errors  Last Runtime    Last Run
-------------------------------------------  -----  ---------  --------  ----------  --------------  -------------------
/opt/airflow/dags/dag_testing_assignment.py                           1           0  0.16s           2026-01-18T02:03:31
================================================================================
[2026-01-18T02:04:04.313+0000] {manager.py:878} INFO - 
================================================================================
DAG File Processing Stats

File Path                                    PID    Runtime      # DAGs    # Errors  Last Runtime    Last Run
-------------------------------------------  -----  ---------  --------  ----------  --------------  -------------------
/opt/airflow/dags/dag_testing_assignment.py                           1           0  0.11s           2026-01-18T02:04:01
================================================================================
[2026-01-18T02:04:34.626+0000] {manager.py:878} INFO - 
================================================================================
DAG File Processing Stats

File Path                                    PID    Runtime      # DAGs    # Errors  Last Runtime    Last Run
-------------------------------------------  -----  ---------  --------  ----------  --------------  -------------------
/opt/airflow/dags/dag_testing_assignment.py                           1           0  0.11s           2026-01-18T02:04:31
================================================================================
[2026-01-18T02:04:58.797+0000] {manager.py:737} INFO - Searching for files in /opt/airflow/dags
[2026-01-18T02:04:58.849+0000] {manager.py:740} INFO - There are 1 files in /opt/airflow/dags
[2026-01-18T02:05:04.932+0000] {manager.py:878} INFO - 
================================================================================
DAG File Processing Stats

File Path                                    PID    Runtime      # DAGs    # Errors  Last Runtime    Last Run
-------------------------------------------  -----  ---------  --------  ----------  --------------  -------------------
/opt/airflow/dags/dag_testing_assignment.py                           1           0  0.13s           2026-01-18T02:05:02
================================================================================
[2026-01-18T02:05:35.311+0000] {manager.py:878} INFO - 
================================================================================
DAG File Processing Stats

File Path                                    PID    Runtime      # DAGs    # Errors  Last Runtime    Last Run
-------------------------------------------  -----  ---------  --------  ----------  --------------  -------------------
/opt/airflow/dags/dag_testing_assignment.py                           1           0  0.11s           2026-01-18T02:05:32
================================================================================
[2026-01-18T02:06:05.581+0000] {manager.py:878} INFO - 
================================================================================
DAG File Processing Stats

File Path                                    PID    Runtime      # DAGs    # Errors  Last Runtime    Last Run
-------------------------------------------  -----  ---------  --------  ----------  --------------  -------------------
/opt/airflow/dags/dag_testing_assignment.py                           1           0  0.11s           2026-01-18T02:06:02
================================================================================
[2026-01-18T02:06:35.943+0000] {manager.py:878} INFO - 
================================================================================
DAG File Processing Stats

File Path                                    PID    Runtime      # DAGs    # Errors  Last Runtime    Last Run
-------------------------------------------  -----  ---------  --------  ----------  --------------  -------------------
/opt/airflow/dags/dag_testing_assignment.py                           1           0  0.19s           2026-01-18T02:06:33
================================================================================
[2026-01-18T02:07:06.245+0000] {manager.py:878} INFO - 
================================================================================
DAG File Processing Stats

File Path                                    PID    Runtime      # DAGs    # Errors  Last Runtime    Last Run
-------------------------------------------  -----  ---------  --------  ----------  --------------  -------------------
/opt/airflow/dags/dag_testing_assignment.py                           1           0  0.11s           2026-01-18T02:07:03
================================================================================
[2026-01-18T02:07:36.623+0000] {manager.py:878} INFO - 
================================================================================
DAG File Processing Stats

File Path                                    PID    Runtime      # DAGs    # Errors  Last Runtime    Last Run
-------------------------------------------  -----  ---------  --------  ----------  --------------  -------------------
/opt/airflow/dags/dag_testing_assignment.py                           1           0  0.10s           2026-01-18T02:07:33
================================================================================
[2026-01-18T02:08:06.905+0000] {manager.py:878} INFO - 
================================================================================
DAG File Processing Stats

File Path                                    PID    Runtime      # DAGs    # Errors  Last Runtime    Last Run
-------------------------------------------  -----  ---------  --------  ----------  --------------  -------------------
/opt/airflow/dags/dag_testing_assignment.py                           1           0  0.14s           2026-01-18T02:08:04
================================================================================
[2026-01-18T02:08:37.272+0000] {manager.py:878} INFO - 
================================================================================
DAG File Processing Stats

File Path                                    PID    Runtime      # DAGs    # Errors  Last Runtime    Last Run
-------------------------------------------  -----  ---------  --------  ----------  --------------  -------------------
/opt/airflow/dags/dag_testing_assignment.py                           1           0  0.17s           2026-01-18T02:08:34
================================================================================
[2026-01-18T02:09:07.595+0000] {manager.py:878} INFO - 
================================================================================
DAG File Processing Stats

File Path                                    PID    Runtime      # DAGs    # Errors  Last Runtime    Last Run
-------------------------------------------  -----  ---------  --------  ----------  --------------  -------------------
/opt/airflow/dags/dag_testing_assignment.py                           1           0  0.12s           2026-01-18T02:09:04
================================================================================
[2026-01-18T02:09:37.933+0000] {manager.py:878} INFO - 
================================================================================
DAG File Processing Stats

File Path                                    PID    Runtime      # DAGs    # Errors  Last Runtime    Last Run
-------------------------------------------  -----  ---------  --------  ----------  --------------  -------------------
/opt/airflow/dags/dag_testing_assignment.py                           1           0  0.12s           2026-01-18T02:09:34
================================================================================
[2026-01-18T02:09:59.100+0000] {manager.py:737} INFO - Searching for files in /opt/airflow/dags
[2026-01-18T02:09:59.122+0000] {manager.py:740} INFO - There are 1 files in /opt/airflow/dags
[2026-01-18T02:10:08.266+0000] {manager.py:878} INFO - 
================================================================================
DAG File Processing Stats

File Path                                    PID    Runtime      # DAGs    # Errors  Last Runtime    Last Run
-------------------------------------------  -----  ---------  --------  ----------  --------------  -------------------
/opt/airflow/dags/dag_testing_assignment.py                           1           0  0.10s           2026-01-18T02:10:05
================================================================================
[2026-01-18T02:10:38.541+0000] {manager.py:878} INFO - 
================================================================================
DAG File Processing Stats

File Path                                    PID    Runtime      # DAGs    # Errors  Last Runtime    Last Run
-------------------------------------------  -----  ---------  --------  ----------  --------------  -------------------
/opt/airflow/dags/dag_testing_assignment.py                           1           0  0.10s           2026-01-18T02:10:35
================================================================================
[2026-01-18T02:11:08.870+0000] {manager.py:878} INFO - 
================================================================================
DAG File Processing Stats

File Path                                    PID    Runtime      # DAGs    # Errors  Last Runtime    Last Run
-------------------------------------------  -----  ---------  --------  ----------  --------------  -------------------
/opt/airflow/dags/dag_testing_assignment.py                           1           0  0.11s           2026-01-18T02:11:05
================================================================================
[2026-01-18T02:11:27.329+0000] {manager.py:452} INFO - Exiting gracefully upon receiving signal 15
[2026-01-20T12:54:23.430+0000] {manager.py:470} INFO - Processing files using up to 2 processes at a time 
[2026-01-20T12:54:23.432+0000] {manager.py:471} INFO - Process each file at most once every 30 seconds
[2026-01-20T12:54:23.433+0000] {manager.py:472} INFO - Checking for new files in /opt/airflow/dags every 300 seconds
[2026-01-20T12:54:23.434+0000] {manager.py:737} INFO - Searching for files in /opt/airflow/dags
[2026-01-20T12:54:23.458+0000] {manager.py:740} INFO - There are 1 files in /opt/airflow/dags
[2026-01-20T12:54:23.593+0000] {manager.py:878} INFO - 
================================================================================
DAG File Processing Stats

File Path                                      PID  Runtime      # DAGs    # Errors  Last Runtime    Last Run
-------------------------------------------  -----  ---------  --------  ----------  --------------  ----------
/opt/airflow/dags/dag_testing_assignment.py    176  0.04s             0           0
================================================================================
[2026-01-20T12:54:54.410+0000] {manager.py:878} INFO - 
================================================================================
DAG File Processing Stats

File Path                                      PID  Runtime      # DAGs    # Errors  Last Runtime    Last Run
-------------------------------------------  -----  ---------  --------  ----------  --------------  -------------------
/opt/airflow/dags/dag_testing_assignment.py    181  0.01s             1           0  0.16s           2026-01-20T12:54:23
================================================================================
[2026-01-20T12:55:25.052+0000] {manager.py:878} INFO - 
================================================================================
DAG File Processing Stats

File Path                                    PID    Runtime      # DAGs    # Errors  Last Runtime    Last Run
-------------------------------------------  -----  ---------  --------  ----------  --------------  -------------------
/opt/airflow/dags/dag_testing_assignment.py                           1           0  1.13s           2026-01-20T12:54:55
================================================================================
[2026-01-20T12:55:55.155+0000] {manager.py:878} INFO - 
================================================================================
DAG File Processing Stats

File Path                                    PID    Runtime      # DAGs    # Errors  Last Runtime    Last Run
-------------------------------------------  -----  ---------  --------  ----------  --------------  -------------------
/opt/airflow/dags/dag_testing_assignment.py                           1           0  0.51s           2026-01-20T12:55:26
================================================================================
[2026-01-20T12:56:25.852+0000] {manager.py:878} INFO - 
================================================================================
DAG File Processing Stats

File Path                                    PID    Runtime      # DAGs    # Errors  Last Runtime    Last Run
-------------------------------------------  -----  ---------  --------  ----------  --------------  -------------------
/opt/airflow/dags/dag_testing_assignment.py                           1           0  0.48s           2026-01-20T12:55:57
================================================================================
[2026-01-20T12:56:56.056+0000] {manager.py:878} INFO - 
================================================================================
DAG File Processing Stats

File Path                                    PID    Runtime      # DAGs    # Errors  Last Runtime    Last Run
-------------------------------------------  -----  ---------  --------  ----------  --------------  -------------------
/opt/airflow/dags/dag_testing_assignment.py                           1           0  0.27s           2026-01-20T12:56:28
================================================================================
[2026-01-20T12:57:26.528+0000] {manager.py:878} INFO - 
================================================================================
DAG File Processing Stats

File Path                                    PID    Runtime      # DAGs    # Errors  Last Runtime    Last Run
-------------------------------------------  -----  ---------  --------  ----------  --------------  -------------------
/opt/airflow/dags/dag_testing_assignment.py                           1           0  0.29s           2026-01-20T12:56:59
================================================================================
[2026-01-20T12:57:57.335+0000] {manager.py:878} INFO - 
================================================================================
DAG File Processing Stats

File Path                                    PID    Runtime      # DAGs    # Errors  Last Runtime    Last Run
-------------------------------------------  -----  ---------  --------  ----------  --------------  -------------------
/opt/airflow/dags/dag_testing_assignment.py                           1           0  0.83s           2026-01-20T12:57:30
================================================================================
[2026-01-20T12:58:27.568+0000] {manager.py:878} INFO - 
================================================================================
DAG File Processing Stats

File Path                                    PID    Runtime      # DAGs    # Errors  Last Runtime    Last Run
-------------------------------------------  -----  ---------  --------  ----------  --------------  -------------------
/opt/airflow/dags/dag_testing_assignment.py                           1           0  0.87s           2026-01-20T12:58:02
================================================================================
[2026-01-20T12:58:58.021+0000] {manager.py:878} INFO - 
================================================================================
DAG File Processing Stats

File Path                                    PID    Runtime      # DAGs    # Errors  Last Runtime    Last Run
-------------------------------------------  -----  ---------  --------  ----------  --------------  -------------------
/opt/airflow/dags/dag_testing_assignment.py                           1           0  0.92s           2026-01-20T12:58:33
================================================================================
[2026-01-20T12:59:23.679+0000] {manager.py:737} INFO - Searching for files in /opt/airflow/dags
[2026-01-20T12:59:24.053+0000] {manager.py:740} INFO - There are 1 files in /opt/airflow/dags
[2026-01-20T12:59:28.256+0000] {manager.py:878} INFO - 
================================================================================
DAG File Processing Stats

File Path                                    PID    Runtime      # DAGs    # Errors  Last Runtime    Last Run
-------------------------------------------  -----  ---------  --------  ----------  --------------  -------------------
/opt/airflow/dags/dag_testing_assignment.py                           1           0  0.38s           2026-01-20T12:59:04
================================================================================
[2026-01-20T12:59:58.304+0000] {manager.py:878} INFO - 
================================================================================
DAG File Processing Stats

File Path                                    PID    Runtime      # DAGs    # Errors  Last Runtime    Last Run
-------------------------------------------  -----  ---------  --------  ----------  --------------  -------------------
/opt/airflow/dags/dag_testing_assignment.py                           1           0  0.78s           2026-01-20T12:59:36
================================================================================
[2026-01-20T13:00:28.360+0000] {manager.py:878} INFO - 
================================================================================
DAG File Processing Stats

File Path                                    PID    Runtime      # DAGs    # Errors  Last Runtime    Last Run
-------------------------------------------  -----  ---------  --------  ----------  --------------  -------------------
/opt/airflow/dags/dag_testing_assignment.py                           1           0  0.43s           2026-01-20T13:00:07
================================================================================
[2026-01-20T13:00:58.669+0000] {manager.py:878} INFO - 
================================================================================
DAG File Processing Stats

File Path                                    PID    Runtime      # DAGs    # Errors  Last Runtime    Last Run
-------------------------------------------  -----  ---------  --------  ----------  --------------  -------------------
/opt/airflow/dags/dag_testing_assignment.py                           1           0  0.26s           2026-01-20T13:00:38
================================================================================
[2026-01-20T13:01:28.984+0000] {manager.py:878} INFO - 
================================================================================
DAG File Processing Stats

File Path                                    PID    Runtime      # DAGs    # Errors  Last Runtime    Last Run
-------------------------------------------  -----  ---------  --------  ----------  --------------  -------------------
/opt/airflow/dags/dag_testing_assignment.py                           1           0  0.58s           2026-01-20T13:01:09
================================================================================
[2026-01-20T13:01:59.107+0000] {manager.py:878} INFO - 
================================================================================
DAG File Processing Stats

File Path                                    PID    Runtime      # DAGs    # Errors  Last Runtime    Last Run
-------------------------------------------  -----  ---------  --------  ----------  --------------  -------------------
/opt/airflow/dags/dag_testing_assignment.py                           1           0  0.93s           2026-01-20T13:01:38
================================================================================
[2026-01-20T13:02:29.212+0000] {manager.py:878} INFO - 
================================================================================
DAG File Processing Stats

File Path                                    PID    Runtime      # DAGs    # Errors  Last Runtime    Last Run
-------------------------------------------  -----  ---------  --------  ----------  --------------  -------------------
/opt/airflow/dags/dag_testing_assignment.py                           1           0  0.38s           2026-01-20T13:02:08
================================================================================
[2026-01-20T13:02:59.233+0000] {manager.py:878} INFO - 
================================================================================
DAG File Processing Stats

File Path                                    PID    Runtime      # DAGs    # Errors  Last Runtime    Last Run
-------------------------------------------  -----  ---------  --------  ----------  --------------  -------------------
/opt/airflow/dags/dag_testing_assignment.py                           1           0  0.28s           2026-01-20T13:02:39
================================================================================
[2026-01-20T13:03:29.304+0000] {manager.py:878} INFO - 
================================================================================
DAG File Processing Stats

File Path                                    PID    Runtime      # DAGs    # Errors  Last Runtime    Last Run
-------------------------------------------  -----  ---------  --------  ----------  --------------  -------------------
/opt/airflow/dags/dag_testing_assignment.py                           1           0  0.41s           2026-01-20T13:03:10
================================================================================
[2026-01-20T13:03:59.673+0000] {manager.py:878} INFO - 
================================================================================
DAG File Processing Stats

File Path                                    PID    Runtime      # DAGs    # Errors  Last Runtime    Last Run
-------------------------------------------  -----  ---------  --------  ----------  --------------  -------------------
/opt/airflow/dags/dag_testing_assignment.py                           1           0  0.35s           2026-01-20T13:03:41
================================================================================
[2026-01-20T13:04:24.121+0000] {manager.py:737} INFO - Searching for files in /opt/airflow/dags
[2026-01-20T13:04:24.232+0000] {manager.py:740} INFO - There are 1 files in /opt/airflow/dags
[2026-01-20T13:04:30.404+0000] {manager.py:878} INFO - 
================================================================================
DAG File Processing Stats

File Path                                    PID    Runtime      # DAGs    # Errors  Last Runtime    Last Run
-------------------------------------------  -----  ---------  --------  ----------  --------------  -------------------
/opt/airflow/dags/dag_testing_assignment.py                           1           0  0.79s           2026-01-20T13:04:12
================================================================================
[2026-01-20T13:05:00.692+0000] {manager.py:878} INFO - 
================================================================================
DAG File Processing Stats

File Path                                    PID    Runtime      # DAGs    # Errors  Last Runtime    Last Run
-------------------------------------------  -----  ---------  --------  ----------  --------------  -------------------
/opt/airflow/dags/dag_testing_assignment.py                           1           0  1.12s           2026-01-20T13:04:45
================================================================================
[2026-01-20T13:05:31.272+0000] {manager.py:878} INFO - 
================================================================================
DAG File Processing Stats

File Path                                    PID    Runtime      # DAGs    # Errors  Last Runtime    Last Run
-------------------------------------------  -----  ---------  --------  ----------  --------------  -------------------
/opt/airflow/dags/dag_testing_assignment.py                           1           0  0.44s           2026-01-20T13:05:16
================================================================================
[2026-01-20T13:06:01.394+0000] {manager.py:878} INFO - 
================================================================================
DAG File Processing Stats

File Path                                    PID    Runtime      # DAGs    # Errors  Last Runtime    Last Run
-------------------------------------------  -----  ---------  --------  ----------  --------------  -------------------
/opt/airflow/dags/dag_testing_assignment.py                           1           0  0.46s           2026-01-20T13:05:47
================================================================================
[2026-01-20T13:06:31.813+0000] {manager.py:878} INFO - 
================================================================================
DAG File Processing Stats

File Path                                    PID    Runtime      # DAGs    # Errors  Last Runtime    Last Run
-------------------------------------------  -----  ---------  --------  ----------  --------------  -------------------
/opt/airflow/dags/dag_testing_assignment.py                           1           0  0.45s           2026-01-20T13:06:17
================================================================================
[2026-01-20T13:07:02.191+0000] {manager.py:878} INFO - 
================================================================================
DAG File Processing Stats

File Path                                    PID    Runtime      # DAGs    # Errors  Last Runtime    Last Run
-------------------------------------------  -----  ---------  --------  ----------  --------------  -------------------
/opt/airflow/dags/dag_testing_assignment.py                           1           0  0.28s           2026-01-20T13:06:48
================================================================================
[2026-01-20T13:07:32.791+0000] {manager.py:878} INFO - 
================================================================================
DAG File Processing Stats

File Path                                    PID    Runtime      # DAGs    # Errors  Last Runtime    Last Run
-------------------------------------------  -----  ---------  --------  ----------  --------------  -------------------
/opt/airflow/dags/dag_testing_assignment.py                           1           0  0.37s           2026-01-20T13:07:18
================================================================================
[2026-01-20T13:08:02.795+0000] {manager.py:878} INFO - 
================================================================================
DAG File Processing Stats

File Path                                    PID    Runtime      # DAGs    # Errors  Last Runtime    Last Run
-------------------------------------------  -----  ---------  --------  ----------  --------------  -------------------
/opt/airflow/dags/dag_testing_assignment.py                           1           0  0.54s           2026-01-20T13:07:49
================================================================================
[2026-01-20T13:08:33.217+0000] {manager.py:878} INFO - 
================================================================================
DAG File Processing Stats

File Path                                    PID    Runtime      # DAGs    # Errors  Last Runtime    Last Run
-------------------------------------------  -----  ---------  --------  ----------  --------------  -------------------
/opt/airflow/dags/dag_testing_assignment.py                           1           0  0.30s           2026-01-20T13:08:20
================================================================================
[2026-01-20T13:09:03.886+0000] {manager.py:878} INFO - 
================================================================================
DAG File Processing Stats

File Path                                    PID    Runtime      # DAGs    # Errors  Last Runtime    Last Run
-------------------------------------------  -----  ---------  --------  ----------  --------------  -------------------
/opt/airflow/dags/dag_testing_assignment.py                           1           0  0.31s           2026-01-20T13:08:50
================================================================================
[2026-01-20T13:09:24.176+0000] {manager.py:737} INFO - Searching for files in /opt/airflow/dags
[2026-01-20T13:09:24.261+0000] {manager.py:740} INFO - There are 1 files in /opt/airflow/dags
[2026-01-20T13:09:34.412+0000] {manager.py:878} INFO - 
================================================================================
DAG File Processing Stats

File Path                                    PID    Runtime      # DAGs    # Errors  Last Runtime    Last Run
-------------------------------------------  -----  ---------  --------  ----------  --------------  -------------------
/opt/airflow/dags/dag_testing_assignment.py                           1           0  0.33s           2026-01-20T13:09:21
================================================================================
[2026-01-20T13:10:04.959+0000] {manager.py:878} INFO - 
================================================================================
DAG File Processing Stats

File Path                                    PID    Runtime      # DAGs    # Errors  Last Runtime    Last Run
-------------------------------------------  -----  ---------  --------  ----------  --------------  -------------------
/opt/airflow/dags/dag_testing_assignment.py                           1           0  0.37s           2026-01-20T13:09:51
================================================================================
