[0m17:08:51.626702 [debug] [MainThread]: Sending event: {'category': 'dbt', 'action': 'invocation', 'label': 'start', 'context': [<snowplow_tracker.self_describing_json.SelfDescribingJson object at 0x000001A458D78830>, <snowplow_tracker.self_describing_json.SelfDescribingJson object at 0x000001A45A5ED1D0>, <snowplow_tracker.self_describing_json.SelfDescribingJson object at 0x000001A45AC67D90>]}


============================== 17:08:51.638445 | 6cd2c91f-c060-4dfa-99a5-4d7756c8ce19 ==============================
[0m17:08:51.638445 [info ] [MainThread]: Running with dbt=1.10.17
[0m17:08:51.640265 [debug] [MainThread]: running dbt with arguments {'version_check': 'True', 'no_print': 'None', 'static_parser': 'True', 'warn_error_options': 'WarnErrorOptionsV2(error=[], warn=[], silence=[])', 'target_path': 'None', 'printer_width': '80', 'write_json': 'True', 'empty': 'None', 'log_cache_events': 'False', 'introspect': 'True', 'cache_selected_only': 'False', 'log_format': 'default', 'debug': 'False', 'fail_fast': 'False', 'partial_parse': 'True', 'send_anonymous_usage_stats': 'True', 'quiet': 'False', 'warn_error': 'None', 'profiles_dir': 'C:\\Users\\sdhiy\\.dbt', 'indirect_selection': 'eager', 'invocation_command': 'dbt init dvd_project', 'use_colors': 'True', 'use_experimental_parser': 'False', 'log_path': 'logs'}
[0m17:08:51.675690 [debug] [MainThread]: Starter project path: D:\Data Engineering\Assignment\Assignment Day 24 - Data Build Tool (DBT)\venv\Lib\site-packages\dbt\include\starter_project
[0m17:08:51.690666 [info ] [MainThread]: 
Your new dbt project "dvd_project" was created!

For more information on how to configure the profiles.yml file,
please consult the dbt documentation here:

  https://docs.getdbt.com/docs/configure-your-profile

One more thing:

Need help? Don't hesitate to reach out to us via GitHub issues or on Slack:

  https://community.getdbt.com/

Happy modeling!

[0m17:08:51.691910 [info ] [MainThread]: Setting up your profile.
[0m17:15:09.001767 [info ] [MainThread]: Profile dvd_project written to C:\Users\sdhiy\.dbt\profiles.yml using target's profile_template.yml and your supplied values. Run 'dbt debug' to validate the connection.
[0m17:15:09.004729 [debug] [MainThread]: Command `dbt init` succeeded at 17:15:09.004315 after 377.57 seconds
[0m17:15:09.005461 [debug] [MainThread]: Sending event: {'category': 'dbt', 'action': 'invocation', 'label': 'end', 'context': [<snowplow_tracker.self_describing_json.SelfDescribingJson object at 0x000001A45AE148A0>, <snowplow_tracker.self_describing_json.SelfDescribingJson object at 0x000001A45AD26D50>, <snowplow_tracker.self_describing_json.SelfDescribingJson object at 0x000001A45AAF7F00>]}
[0m17:15:09.006269 [debug] [MainThread]: Flushing usage events
[0m17:15:10.524037 [debug] [MainThread]: An error was encountered while trying to flush usage events
[0m17:15:19.846727 [debug] [MainThread]: Sending event: {'category': 'dbt', 'action': 'invocation', 'label': 'start', 'context': [<snowplow_tracker.self_describing_json.SelfDescribingJson object at 0x0000012D03F28830>, <snowplow_tracker.self_describing_json.SelfDescribingJson object at 0x0000012D046ED1D0>, <snowplow_tracker.self_describing_json.SelfDescribingJson object at 0x0000012D04D67D90>]}


============================== 17:15:19.854311 | c4e56af2-268e-4ce0-9e5f-daf894740809 ==============================
[0m17:15:19.854311 [info ] [MainThread]: Running with dbt=1.10.17
[0m17:15:19.855969 [debug] [MainThread]: running dbt with arguments {'static_parser': 'True', 'no_print': 'None', 'version_check': 'True', 'warn_error_options': 'WarnErrorOptionsV2(error=[], warn=[], silence=[])', 'target_path': 'None', 'printer_width': '80', 'write_json': 'True', 'introspect': 'True', 'log_cache_events': 'False', 'empty': 'None', 'cache_selected_only': 'False', 'fail_fast': 'False', 'debug': 'False', 'log_format': 'default', 'partial_parse': 'True', 'send_anonymous_usage_stats': 'True', 'quiet': 'False', 'warn_error': 'None', 'profiles_dir': 'C:\\Users\\sdhiy\\.dbt', 'invocation_command': 'dbt debug', 'use_colors': 'True', 'indirect_selection': 'eager', 'use_experimental_parser': 'False', 'log_path': 'logs'}
[0m17:15:19.876319 [info ] [MainThread]: dbt version: 1.10.17
[0m17:15:19.877169 [info ] [MainThread]: python version: 3.13.9
[0m17:15:19.877764 [info ] [MainThread]: python path: D:\Data Engineering\Assignment\Assignment Day 24 - Data Build Tool (DBT)\venv\Scripts\python.exe
[0m17:15:19.878319 [info ] [MainThread]: os info: Windows-11-10.0.26200-SP0
[0m17:15:19.958486 [info ] [MainThread]: Using profiles dir at C:\Users\sdhiy\.dbt
[0m17:15:19.959485 [info ] [MainThread]: Using profiles.yml file at C:\Users\sdhiy\.dbt\profiles.yml
[0m17:15:19.960282 [info ] [MainThread]: Using dbt_project.yml file at D:\Data Engineering\Assignment\Assignment Day 24 - Data Build Tool (DBT)\dbt_project.yml
[0m17:15:19.961514 [info ] [MainThread]: adapter type: postgres
[0m17:15:19.962241 [info ] [MainThread]: adapter version: 1.9.1
[0m17:15:19.963097 [info ] [MainThread]: Configuration:
[0m17:15:19.963991 [info ] [MainThread]:   profiles.yml file [[32mOK found and valid[0m]
[0m17:15:19.964891 [info ] [MainThread]:   dbt_project.yml file [[31mERROR not found[0m]
[0m17:15:19.965548 [info ] [MainThread]: Required dependencies:
[0m17:15:19.966415 [debug] [MainThread]: Executing "git --help"
[0m17:15:19.972285 [info ] [MainThread]:  - git [[31mERROR[0m]

[0m17:15:19.973313 [info ] [MainThread]: Connection:
[0m17:15:19.974225 [info ] [MainThread]:   host: ep-lively-bar-aduyc71w-pooler.c-2.us-east-1.aws.neon.tech
[0m17:15:19.974962 [info ] [MainThread]:   port: 5432
[0m17:15:19.975562 [info ] [MainThread]:   user: neondb_owner
[0m17:15:19.976401 [info ] [MainThread]:   database: public_dbt
[0m17:15:19.977341 [info ] [MainThread]:   schema: public
[0m17:15:19.978238 [info ] [MainThread]:   connect_timeout: 10
[0m17:15:19.979075 [info ] [MainThread]:   role: None
[0m17:15:19.979925 [info ] [MainThread]:   search_path: None
[0m17:15:19.980812 [info ] [MainThread]:   keepalives_idle: 0
[0m17:15:19.981732 [info ] [MainThread]:   sslmode: None
[0m17:15:19.982745 [info ] [MainThread]:   sslcert: None
[0m17:15:19.983538 [info ] [MainThread]:   sslkey: None
[0m17:15:19.984474 [info ] [MainThread]:   sslrootcert: None
[0m17:15:19.985248 [info ] [MainThread]:   application_name: dbt
[0m17:15:19.985825 [info ] [MainThread]:   retries: 1
[0m17:15:19.986868 [info ] [MainThread]: Registered adapter: postgres=1.9.1
[0m17:15:20.313363 [debug] [MainThread]: Acquiring new postgres connection 'debug'
[0m17:15:20.377850 [debug] [MainThread]: Using postgres connection "debug"
[0m17:15:20.378541 [debug] [MainThread]: On debug: select 1 as id
[0m17:15:20.378957 [debug] [MainThread]: Opening a new connection, currently in state init
[0m17:15:23.100054 [debug] [MainThread]: Postgres adapter: Got a retryable error when attempting to open a postgres connection.
1 attempts remaining. Retrying in 0 seconds.
Error:
connection to server at "ep-lively-bar-aduyc71w-pooler.c-2.us-east-1.aws.neon.tech" (3.218.140.61), port 5432 failed: ERROR:  database "public_dbt" does not exist
connection to server at "ep-lively-bar-aduyc71w-pooler.c-2.us-east-1.aws.neon.tech" (3.218.140.61), port 5432 failed: ERROR:  connection is insecure (try using `sslmode=require`)

[0m17:15:38.441903 [debug] [MainThread]: Postgres adapter: Error running SQL: select 1 as id
[0m17:15:38.442735 [debug] [MainThread]: Postgres adapter: Rolling back transaction.
[0m17:15:38.443343 [debug] [MainThread]: On debug: No close available on handle
[0m17:15:38.443860 [info ] [MainThread]:   Connection test: [[31mERROR[0m]

[0m17:15:38.444720 [info ] [MainThread]: [31m3 checks failed:[0m
[0m17:15:38.445322 [info ] [MainThread]: Project loading failed for the following reason:
 project path <D:\Data Engineering\Assignment\Assignment Day 24 - Data Build Tool (DBT)\dbt_project.yml> not found

[0m17:15:38.445946 [info ] [MainThread]: Error from git --help: Could not find command, ensure it is in the user's PATH and that the user has permissions to run it: "git"

[0m17:15:38.446711 [info ] [MainThread]: dbt was unable to connect to the specified database.
The database returned the following error:

  >Database Error
  connection to server at "ep-lively-bar-aduyc71w-pooler.c-2.us-east-1.aws.neon.tech" (3.218.140.61), port 5432 failed: timeout expired
  connection to server at "ep-lively-bar-aduyc71w-pooler.c-2.us-east-1.aws.neon.tech" (54.156.15.30), port 5432 failed: ERROR:  database "public_dbt" does not exist
  connection to server at "ep-lively-bar-aduyc71w-pooler.c-2.us-east-1.aws.neon.tech" (54.156.15.30), port 5432 failed: ERROR:  connection is insecure (try using `sslmode=require`)
  

Check your database credentials and try again. For more information, visit:
https://docs.getdbt.com/docs/configure-your-profile


[0m17:15:38.448531 [debug] [MainThread]: Command `dbt debug` failed at 17:15:38.448307 after 18.91 seconds
[0m17:15:38.449209 [debug] [MainThread]: Connection 'debug' was properly closed.
[0m17:15:38.449806 [debug] [MainThread]: Sending event: {'category': 'dbt', 'action': 'invocation', 'label': 'end', 'context': [<snowplow_tracker.self_describing_json.SelfDescribingJson object at 0x0000012D04E9EB10>, <snowplow_tracker.self_describing_json.SelfDescribingJson object at 0x0000012D04FC5010>, <snowplow_tracker.self_describing_json.SelfDescribingJson object at 0x0000012D04E14160>]}
[0m17:15:38.450502 [debug] [MainThread]: Flushing usage events
[0m17:15:39.920460 [debug] [MainThread]: An error was encountered while trying to flush usage events
[0m17:41:20.387509 [debug] [MainThread]: Sending event: {'category': 'dbt', 'action': 'invocation', 'label': 'start', 'context': [<snowplow_tracker.self_describing_json.SelfDescribingJson object at 0x0000011DD0938830>, <snowplow_tracker.self_describing_json.SelfDescribingJson object at 0x0000011DD21ED1D0>, <snowplow_tracker.self_describing_json.SelfDescribingJson object at 0x0000011DD2867D90>]}


============================== 17:41:20.397374 | 4b993460-503d-4ff2-98fb-aeaf8d283986 ==============================
[0m17:41:20.397374 [info ] [MainThread]: Running with dbt=1.10.17
[0m17:41:20.399015 [debug] [MainThread]: running dbt with arguments {'static_parser': 'True', 'no_print': 'None', 'version_check': 'True', 'warn_error_options': 'WarnErrorOptionsV2(error=[], warn=[], silence=[])', 'target_path': 'None', 'printer_width': '80', 'write_json': 'True', 'empty': 'False', 'log_cache_events': 'False', 'introspect': 'True', 'cache_selected_only': 'False', 'log_format': 'default', 'debug': 'False', 'fail_fast': 'False', 'partial_parse': 'True', 'send_anonymous_usage_stats': 'True', 'quiet': 'False', 'warn_error': 'None', 'profiles_dir': 'C:\\Users\\sdhiy\\.dbt', 'use_colors': 'True', 'indirect_selection': 'eager', 'invocation_command': 'dbt run', 'use_experimental_parser': 'False', 'log_path': 'logs'}
[0m17:41:20.399910 [error] [MainThread]: Encountered an error:
Runtime Error
  No dbt_project.yml found at expected path D:\Data Engineering\Assignment\Assignment Day 24 - Data Build Tool (DBT)\dbt_project.yml
  Verify that each entry within packages.yml (and their transitive dependencies) contains a file named dbt_project.yml
  
[0m17:41:20.401584 [debug] [MainThread]: Command `dbt run` failed at 17:41:20.401362 after 0.36 seconds
[0m17:41:20.402167 [debug] [MainThread]: Sending event: {'category': 'dbt', 'action': 'invocation', 'label': 'end', 'context': [<snowplow_tracker.self_describing_json.SelfDescribingJson object at 0x0000011DD28B15B0>, <snowplow_tracker.self_describing_json.SelfDescribingJson object at 0x0000011DD277E9F0>, <snowplow_tracker.self_describing_json.SelfDescribingJson object at 0x0000011DD26F7350>]}
[0m17:41:20.402752 [debug] [MainThread]: Flushing usage events
[0m17:41:22.001859 [debug] [MainThread]: An error was encountered while trying to flush usage events
